// Jest Snapshot v1, https://goo.gl/fbAQLP

exports[`Card should match the snapshot 1`] = `
<article
  className="purchase-container"
>
  <img
    alt=""
  />
  <h1 />
  <p />
  <p>
    $
  </p>
</article>
`;
